Last login: Sat Feb 14 23:39:54 on ttys005
tyleshaalexander@MacBookAir ~ % curl -X POST http://127.0.0.1:5000/predict -H "Content-Type: application/json" -d '{"email":"Congratulations! You won a free gift card!"}'

{
  "is_phishing": 0,
  "risk_score": 0.5
}
tyleshaalexander@MacBookAir ~ % curl -X POST http://127.0.0.1:5000/predict -H "Content-Type: application/json" -d '{"email":"Let’s meet tomorrow for lunch."}'

{
  "is_phishing": 0,
  "risk_score": 0.45521643798203504
}
tyleshaalexander@MacBookAir ~ % curl -X POST http://127.0.0.1:5000/predict -H "Content-Type: application/json" -d '{"email":"Congratulations! You won a free gift card!"}'

{
  "is_phishing": 0,
  "risk_score": 0.5
}
tyleshaalexander@MacBookAir ~ % curl -X POST http://127.0.0.1:5000/predict -H "Content-Type: application/json" -d '{"email":"Let’s meet tomorrow for lunch."}'

{
  "is_phishing": 0,
  "risk_score": 0.45521643798203504
}
tyleshaalexander@MacBookAir ~ % git --version

xcode-select: note: No developer tools were found, requesting install.
If developer tools are located at a non-default location on disk, use `sudo xcode-select --switch path/to/Xcode.app` to specify the Xcode that you wish to use for command line developer tools, and cancel the installation dialog.
See `man xcode-select` for more details.
tyleshaalexander@MacBookAir ~ % brew install git
zsh: command not found: brew
tyleshaalexander@MacBookAir ~ % xcode-select --install
xcode-select: note: install requested for command line developer tools
tyleshaalexander@MacBookAir ~ % 
tyleshaalexander@MacBookAir ~ % /bin/bash -c "$(curl -fsSL https://raw.githubusercontent.com/Homebrew/install/HEAD/install.sh)"

==> Checking for `sudo` access (which may request your password)...
Password:
==> This script will install:
/opt/homebrew/bin/brew
/opt/homebrew/share/doc/homebrew
/opt/homebrew/share/man/man1/brew.1
/opt/homebrew/share/zsh/site-functions/_brew
/opt/homebrew/etc/bash_completion.d/brew
/opt/homebrew
/etc/paths.d/homebrew
==> The following new directories will be created:
/opt/homebrew/bin
/opt/homebrew/etc
/opt/homebrew/include
/opt/homebrew/lib
/opt/homebrew/sbin
/opt/homebrew/share
/opt/homebrew/var
/opt/homebrew/opt
/opt/homebrew/share/zsh
/opt/homebrew/share/zsh/site-functions
/opt/homebrew/var/homebrew
/opt/homebrew/var/homebrew/linked
/opt/homebrew/Cellar
/opt/homebrew/Caskroom
/opt/homebrew/Frameworks
==> The Xcode Command Line Tools will be installed.

Press RETURN/ENTER to continue or any other key to abort:
==> /usr/bin/sudo /usr/bin/install -d -o root -g wheel -m 0755 /opt/homebrew
==> /usr/bin/sudo /bin/mkdir -p /opt/homebrew/bin /opt/homebrew/etc /opt/homebrew/include /opt/homebrew/lib /opt/homebrew/sbin /opt/homebrew/share /opt/homebrew/var /opt/homebrew/opt /opt/homebrew/share/zsh /opt/homebrew/share/zsh/site-functions /opt/homebrew/var/homebrew /opt/homebrew/var/homebrew/linked /opt/homebrew/Cellar /opt/homebrew/Caskroom /opt/homebrew/Frameworks
==> /usr/bin/sudo /bin/chmod ug=rwx /opt/homebrew/bin /opt/homebrew/etc /opt/homebrew/include /opt/homebrew/lib /opt/homebrew/sbin /opt/homebrew/share /opt/homebrew/var /opt/homebrew/opt /opt/homebrew/share/zsh /opt/homebrew/share/zsh/site-functions /opt/homebrew/var/homebrew /opt/homebrew/var/homebrew/linked /opt/homebrew/Cellar /opt/homebrew/Caskroom /opt/homebrew/Frameworks
==> /usr/bin/sudo /bin/chmod go-w /opt/homebrew/share/zsh /opt/homebrew/share/zsh/site-functions
==> /usr/bin/sudo /usr/sbin/chown tyleshaalexander /opt/homebrew/bin /opt/homebrew/etc /opt/homebrew/include /opt/homebrew/lib /opt/homebrew/sbin /opt/homebrew/share /opt/homebrew/var /opt/homebrew/opt /opt/homebrew/share/zsh /opt/homebrew/share/zsh/site-functions /opt/homebrew/var/homebrew /opt/homebrew/var/homebrew/linked /opt/homebrew/Cellar /opt/homebrew/Caskroom /opt/homebrew/Frameworks
==> /usr/bin/sudo /usr/bin/chgrp admin /opt/homebrew/bin /opt/homebrew/etc /opt/homebrew/include /opt/homebrew/lib /opt/homebrew/sbin /opt/homebrew/share /opt/homebrew/var /opt/homebrew/opt /opt/homebrew/share/zsh /opt/homebrew/share/zsh/site-functions /opt/homebrew/var/homebrew /opt/homebrew/var/homebrew/linked /opt/homebrew/Cellar /opt/homebrew/Caskroom /opt/homebrew/Frameworks
==> /usr/bin/sudo /usr/sbin/chown -R tyleshaalexander:admin /opt/homebrew
==> Searching online for the Command Line Tools
==> /usr/bin/sudo /usr/bin/touch /tmp/.com.apple.dt.CommandLineTools.installondemand.in-progress
==> Installing Command Line Tools for Xcode 26.2-26.2
==> /usr/bin/sudo /usr/sbin/softwareupdate -i Command\ Line\ Tools\ for\ Xcode\ 26.2-26.2
Software Update Tool

Finding available software

Downloading Command Line Tools for Xcode 26.2
Downloaded Command Line Tools for Xcode 26.2
Installing Command Line Tools for Xcode 26.2
Done with Command Line Tools for Xcode 26.2
Done.
==> /usr/bin/sudo /usr/bin/xcode-select --switch /Library/Developer/CommandLineTools
==> /usr/bin/sudo /bin/rm -f /tmp/.com.apple.dt.CommandLineTools.installondemand.in-progress
==> Downloading and installing Homebrew...
remote: Enumerating objects: 321416, done.
remote: Counting objects: 100% (606/606), done.
remote: Compressing objects: 100% (296/296), done.
remote: Total 321416 (delta 447), reused 368 (delta 310), pack-reused 320810 (from 4)
remote: Enumerating objects: 55, done.
remote: Counting objects: 100% (33/33), done.
remote: Total 55 (delta 33), reused 33 (delta 33), pack-reused 22 (from 1)
==> /usr/bin/sudo /bin/mkdir -p /etc/paths.d
==> /usr/bin/sudo tee /etc/paths.d/homebrew
/opt/homebrew/bin
==> /usr/bin/sudo /usr/sbin/chown root:wheel /etc/paths.d/homebrew
==> /usr/bin/sudo /bin/chmod a+r /etc/paths.d/homebrew
==> Updating Homebrew...
==> Downloading https://ghcr.io/v2/homebrew/core/portable-ruby/blobs/sha256:1c98fa49eacc935640a6f8e10a2bf33f14cfc276804b71ddb658ea45ba99d167
################################################################################################################# 100.0%
==> Pouring portable-ruby-3.4.8.arm64_big_sur.bottle.tar.gz
==> Installation successful!

==> Homebrew has enabled anonymous aggregate formulae and cask analytics.
Read the analytics documentation (and how to opt-out) here:
  https://docs.brew.sh/Analytics
No analytics data has been sent yet (nor will any be during this install run).

==> Homebrew is run entirely by unpaid volunteers. Please consider donating:
  https://github.com/Homebrew/brew#donations

==> Next steps:
- Run these commands in your terminal to add Homebrew to your PATH:
    echo >> /Users/tyleshaalexander/.zprofile
    echo 'eval "$(/opt/homebrew/bin/brew shellenv zsh)"' >> /Users/tyleshaalexander/.zprofile
    eval "$(/opt/homebrew/bin/brew shellenv zsh)"
- Run brew help to get started
- Further documentation:
    https://docs.brew.sh

tyleshaalexander@MacBookAir ~ % brew install git
zsh: command not found: brew
tyleshaalexander@MacBookAir ~ % /bin/bash -c "$(curl -fsSL https://raw.githubusercontent.com/Homebrew/install/HEAD/install.sh)"

==> Checking for `sudo` access (which may request your password)...
Password:
Sorry, try again.
Password:
Sorry, try again.
Password:
==> This script will install:
/opt/homebrew/bin/brew
/opt/homebrew/share/doc/homebrew
/opt/homebrew/share/man/man1/brew.1
/opt/homebrew/share/zsh/site-functions/_brew
/opt/homebrew/etc/bash_completion.d/brew
/opt/homebrew
/etc/paths.d/homebrew

Press RETURN/ENTER to continue or any other key to abort:
==> /usr/bin/sudo /usr/sbin/chown -R tyleshaalexander:admin /opt/homebrew
==> Downloading and installing Homebrew...
==> /usr/bin/sudo /bin/mkdir -p /etc/paths.d
==> /usr/bin/sudo tee /etc/paths.d/homebrew
/opt/homebrew/bin
==> /usr/bin/sudo /usr/sbin/chown root:wheel /etc/paths.d/homebrew
==> /usr/bin/sudo /bin/chmod a+r /etc/paths.d/homebrew
==> Updating Homebrew...
==> Installation successful!

==> Homebrew has enabled anonymous aggregate formulae and cask analytics.
Read the analytics documentation (and how to opt-out) here:
  https://docs.brew.sh/Analytics
No analytics data has been sent yet (nor will any be during this install run).

==> Homebrew is run entirely by unpaid volunteers. Please consider donating:
  https://github.com/Homebrew/brew#donations

==> Next steps:
- Run these commands in your terminal to add Homebrew to your PATH:
    echo >> /Users/tyleshaalexander/.zprofile
    echo 'eval "$(/opt/homebrew/bin/brew shellenv zsh)"' >> /Users/tyleshaalexander/.zprofile
    eval "$(/opt/homebrew/bin/brew shellenv zsh)"
- Run brew help to get started
- Further documentation:
    https://docs.brew.sh

tyleshaalexander@MacBookAir ~ % brew install git

zsh: command not found: brew
tyleshaalexander@MacBookAir ~ % echo 'eval "$(/opt/homebrew/bin/brew shellenv)"' >> ~/.zprofile
eval "$(/opt/homebrew/bin/brew shellenv)"

tyleshaalexander@MacBookAir ~ % /opt/homebrew/bin/brew --version

Homebrew 5.0.14
tyleshaalexander@MacBookAir ~ % brew install git

==> Fetching downloads for: git
✔︎ Bottle Manifest git (2.53.0)                                                               Downloaded   20.9KB/ 20.9KB
✔︎ Bottle Manifest libunistring (1.4.1)                                                       Downloaded    7.3KB/  7.3KB
✔︎ Bottle Manifest gettext (1.0)                                                              Downloaded   13.7KB/ 13.7KB
✔︎ Bottle Manifest pcre2 (10.47_1)                                                            Downloaded   11.7KB/ 11.7KB
✔︎ Bottle Manifest libiconv (1.18)                                                            Downloaded    7.5KB/  7.5KB
✔︎ Bottle libunistring (1.4.1)                                                                Downloaded    1.9MB/  1.9MB
✔︎ Bottle libiconv (1.18)                                                                     Downloaded    1.6MB/  1.6MB
✔︎ Bottle pcre2 (10.47_1)                                                                     Downloaded    2.4MB/  2.4MB
✔︎ Bottle gettext (1.0)                                                                       Downloaded   10.2MB/ 10.2MB
✔︎ Bottle git (2.53.0)                                                                        Downloaded   22.5MB/ 22.5MB
==> Installing dependencies for git: libunistring, gettext, pcre2 and libiconv
==> Installing git dependency: libunistring
==> Pouring libunistring--1.4.1.arm64_tahoe.bottle.tar.gz
🍺  /opt/homebrew/Cellar/libunistring/1.4.1: 59 files, 5.8MB
==> Installing git dependency: gettext
==> Pouring gettext--1.0.arm64_tahoe.bottle.tar.gz
🍺  /opt/homebrew/Cellar/gettext/1.0: 2,499 files, 35.3MB
==> Installing git dependency: pcre2
==> Pouring pcre2--10.47_1.arm64_tahoe.bottle.tar.gz
🍺  /opt/homebrew/Cellar/pcre2/10.47_1: 244 files, 7.3MB
==> Installing git dependency: libiconv
==> Pouring libiconv--1.18.arm64_tahoe.bottle.tar.gz
🍺  /opt/homebrew/Cellar/libiconv/1.18: 32 files, 2.9MB
==> Installing git
==> Pouring git--2.53.0.arm64_tahoe.bottle.tar.gz
==> Caveats
The Tcl/Tk GUIs (e.g. gitk, git-gui) are now in the `git-gui` formula.
Subversion interoperability (git-svn) is now in the `git-svn` formula.
==> Summary
🍺  /opt/homebrew/Cellar/git/2.53.0: 1,741 files, 62.0MB
==> Running `brew cleanup git`...
Disable this behaviour by setting `HOMEBREW_NO_INSTALL_CLEANUP=1`.
Hide these hints with `HOMEBREW_NO_ENV_HINTS=1` (see `man brew`).
==> Caveats
zsh completions and functions have been installed to:
  /opt/homebrew/share/zsh/site-functions
==> git
The Tcl/Tk GUIs (e.g. gitk, git-gui) are now in the `git-gui` formula.
Subversion interoperability (git-svn) is now in the `git-svn` formula.
tyleshaalexander@MacBookAir ~ % git --version

git version 2.50.1 (Apple Git-155)
tyleshaalexander@MacBookAir ~ % cd ~/Desktop/ai-phishing-detector

tyleshaalexander@MacBookAir ai-phishing-detector % git init

Initialized empty Git repository in /Users/tyleshaalexander/Desktop/ai-phishing-detector/.git/
tyleshaalexander@MacBookAir ai-phishing-detector % git add .

tyleshaalexander@MacBookAir ai-phishing-detector % git commit -m "First AI Security Project: phishing detector with API" 

[main (root-commit) a7e0585] First AI Security Project: phishing detector with API
 Committer: Tylesha Alexander <tyleshaalexander@macbookair.mynetworksettings.com>
Your name and email address were configured automatically based
on your username and hostname. Please check that they are accurate.
You can suppress this message by setting them explicitly. Run the
following command and follow the instructions in your editor to edit
your configuration file:

    git config --global --edit

After doing this, you may fix the identity used for this commit with:

    git commit --amend --reset-author

 6 files changed, 158 insertions(+)
 create mode 100644 app.py
 create mode 100644 emails.csv
 create mode 100644 model.pkl
 create mode 100644 train_model.py
 create mode 100644 train_model.pycat train_model.py
 create mode 100644 vectorizer.pkl
tyleshaalexander@MacBookAir ai-phishing-detector % git remote add origin <paste-the-URL-here>

zsh: parse error near `\n'
tyleshaalexander@MacBookAir ai-phishing-detector % git remote add origin https://gitlab.com/tyleshancloud7's/ai-phishing-detector.
quote> git branch -M main
git push -u origin main

quote> cd ~/Desktop/ai-phishing-detector

quote> cd ~/Desktop/ai-phishing-detector

quote> git remote add origin https://gitlab.com/tyleshancloud7's/ai-phishing-detector.git
tyleshaalexander@MacBookAir ai-phishing-detector % cd ~/Desktop/ai-phishing-detector
git init
git add .
git commit -m "First AI Security Project: phishing detector with API"
git remote add origin https://gitlab.com/Tyleshancloud7/ai-phishing-detector.git
git branch -M main
git push -u origin main

Reinitialized existing Git repository in /Users/tyleshaalexander/Desktop/ai-phishing-detector/.git/
[main b01ee89] First AI Security Project: phishing detector with API
 Committer: Tylesha Alexander <tyleshaalexander@macbookair.mynetworksettings.com>
Your name and email address were configured automatically based
on your username and hostname. Please check that they are accurate.
You can suppress this message by setting them explicitly. Run the
following command and follow the instructions in your editor to edit
your configuration file:

    git config --global --edit

After doing this, you may fix the identity used for this commit with:

    git commit --amend --reset-author

 1 file changed, 0 insertions(+), 0 deletions(-)
 create mode 100644 .DS_Store
error: remote origin already exists.
warning: url contains a newline in its path component: https://gitlab.com/tyleshancloud7s/ai-phishing-detector.
git branch -M main
git push -u origin main

cd ~/Desktop/ai-phishing-detector

cd ~/Desktop/ai-phishing-detector

git remote add origin https://gitlab.com/tyleshancloud7s/ai-phishing-detector.git/
fatal: credential url cannot be parsed: https://gitlab.com/tyleshancloud7s/ai-phishing-detector.
git branch -M main
git push -u origin main

cd ~/Desktop/ai-phishing-detector

cd ~/Desktop/ai-phishing-detector

git remote add origin https://gitlab.com/tyleshancloud7s/ai-phishing-detector.git/
fatal: remote helper 'https' aborted session
tyleshaalexander@MacBookAir ai-phishing-detector % 
tyleshaalexander@MacBookAir ai-phishing-detector % git push -u origin main

warning: url contains a newline in its path component: https://gitlab.com/tyleshancloud7s/ai-phishing-detector.
git branch -M main
git push -u origin main

cd ~/Desktop/ai-phishing-detector

cd ~/Desktop/ai-phishing-detector

git remote add origin https://gitlab.com/tyleshancloud7s/ai-phishing-detector.git/
fatal: credential url cannot be parsed: https://gitlab.com/tyleshancloud7s/ai-phishing-detector.
git branch -M main
git push -u origin main

cd ~/Desktop/ai-phishing-detector

cd ~/Desktop/ai-phishing-detector

git remote add origin https://gitlab.com/tyleshancloud7s/ai-phishing-detector.git/
fatal: remote helper 'https' aborted session
tyleshaalexander@MacBookAir ai-phishing-detector % 
tyleshaalexander@MacBookAir ai-phishing-detector % git init
git add .
git commit -m "First AI Security Project: phishing detector with API"

Reinitialized existing Git repository in /Users/tyleshaalexander/Desktop/ai-phishing-detector/.git/
[main b7d2f62] First AI Security Project: phishing detector with API
 Committer: Tylesha Alexander <tyleshaalexander@macbookair.mynetworksettings.com>
Your name and email address were configured automatically based
on your username and hostname. Please check that they are accurate.
You can suppress this message by setting them explicitly. Run the
following command and follow the instructions in your editor to edit
your configuration file:

    git config --global --edit

After doing this, you may fix the identity used for this commit with:

    git commit --amend --reset-author

 1 file changed, 0 insertions(+), 0 deletions(-)
tyleshaalexander@MacBookAir ai-phishing-detector % https://github.com/Tyleshancloud7/ai-phishing-detector.git
zsh: no such file or directory: https://github.com/Tyleshancloud7/ai-phishing-detector.git
tyleshaalexander@MacBookAir ai-phishing-detector % cd ~/Desktop/ai-phishing-detector

tyleshaalexander@MacBookAir ai-phishing-detector % git remote add origin https://github.com/Tyleshancloud7/ai-phishing-detector.git

error: remote origin already exists.
tyleshaalexander@MacBookAir ai-phishing-detector % git remote -v

origin	https://gitlab.com/tyleshancloud7s/ai-phishing-detector.
git branch -M main
git push -u origin main

cd ~/Desktop/ai-phishing-detector

cd ~/Desktop/ai-phishing-detector

git remote add origin https://gitlab.com/tyleshancloud7s/ai-phishing-detector.git (fetch)
origin	https://gitlab.com/tyleshancloud7s/ai-phishing-detector.
git branch -M main
git push -u origin main

cd ~/Desktop/ai-phishing-detector

cd ~/Desktop/ai-phishing-detector

git remote add origin https://gitlab.com/tyleshancloud7s/ai-phishing-detector.git (push)
tyleshaalexander@MacBookAir ai-phishing-detector % cd ~/Desktop/ai-phishing-detector

tyleshaalexander@MacBookAir ai-phishing-detector % git add .
git commit -m "First AI Security Project: phishing detector with API"

On branch main
nothing to commit, working tree clean
tyleshaalexander@MacBookAir ai-phishing-detector % git branch -M main
git push -u origin main

warning: url contains a newline in its path component: https://gitlab.com/tyleshancloud7s/ai-phishing-detector.
git branch -M main
git push -u origin main

cd ~/Desktop/ai-phishing-detector

cd ~/Desktop/ai-phishing-detector

git remote add origin https://gitlab.com/tyleshancloud7s/ai-phishing-detector.git/
fatal: credential url cannot be parsed: https://gitlab.com/tyleshancloud7s/ai-phishing-detector.
git branch -M main
git push -u origin main

cd ~/Desktop/ai-phishing-detector

cd ~/Desktop/ai-phishing-detector

git remote add origin https://gitlab.com/tyleshancloud7s/ai-phishing-detector.git/
fatal: remote helper 'https' aborted session
tyleshaalexander@MacBookAir ai-phishing-detector % origin    https://github.com/Tyleshancloud7/ai-phishing-detector.git (push)

zsh: missing delimiter for 'u' glob qualifier
tyleshaalexander@MacBookAir ai-phishing-detector % git push -u origin main

warning: url contains a newline in its path component: https://gitlab.com/tyleshancloud7s/ai-phishing-detector.
git branch -M main
git push -u origin main

cd ~/Desktop/ai-phishing-detector

cd ~/Desktop/ai-phishing-detector

git remote add origin https://gitlab.com/tyleshancloud7s/ai-phishing-detector.git/
fatal: credential url cannot be parsed: https://gitlab.com/tyleshancloud7s/ai-phishing-detector.
git branch -M main
git push -u origin main

cd ~/Desktop/ai-phishing-detector

cd ~/Desktop/ai-phishing-detector

git remote add origin https://gitlab.com/tyleshancloud7s/ai-phishing-detector.git/
fatal: remote helper 'https' aborted session
tyleshaalexander@MacBookAir ai-phishing-detector % cd ~/Desktop/ai-phishing-detector

tyleshaalexander@MacBookAir ai-phishing-detector % git remote -v

origin	https://gitlab.com/tyleshancloud7s/ai-phishing-detector.
git branch -M main
git push -u origin main

cd ~/Desktop/ai-phishing-detector

cd ~/Desktop/ai-phishing-detector

git remote add origin https://gitlab.com/tyleshancloud7s/ai-phishing-detector.git (fetch)
origin	https://gitlab.com/tyleshancloud7s/ai-phishing-detector.
git branch -M main
git push -u origin main

cd ~/Desktop/ai-phishing-detector

cd ~/Desktop/ai-phishing-detector

git remote add origin https://gitlab.com/tyleshancloud7s/ai-phishing-detector.git (push)
tyleshaalexander@MacBookAir ai-phishing-detector % git add .

tyleshaalexander@MacBookAir ai-phishing-detector % git commit -m "First AI Security Project: phishing detector with API" 

[main 6d4f81f] First AI Security Project: phishing detector with API
 Committer: Tylesha Alexander <tyleshaalexander@macbookair.mynetworksettings.com>
Your name and email address were configured automatically based
on your username and hostname. Please check that they are accurate.
You can suppress this message by setting them explicitly. Run the
following command and follow the instructions in your editor to edit
your configuration file:

    git config --global --edit

After doing this, you may fix the identity used for this commit with:

    git commit --amend --reset-author

 1 file changed, 0 insertions(+), 0 deletions(-)
tyleshaalexander@MacBookAir ai-phishing-detector % git config --global user.name "Tylesha Alexander"git config --global user.email “tyleshashanee@icloud.com”
error: no action specified
tyleshaalexander@MacBookAir ai-phishing-detector % git commit --amend --reset-author

hint: Waiting for your editor to close the file... 
# Committer: Tylesha Alexander <tyleshaalexander@macbookair.mynetworksettings.com>
#
# On branch main
# Changes to be committed:
#       modified:   .DS_Store
#
# Changes not staged for commit:
#       modified:   .DS_Store
:wq
:wq
git status
git status
git add .
git commit -m "Backup before macOS update"
pwd
git status
pwd
git status
git init
git add .
git commit -m "Backup before macOS update"
git remote add origin https://github.com/YourUsername/YourRepo.git
git push -u origin main
echo "Hello"
echo "Hello"
cd /path/to/your/project
pwd
ls
#
                                                                                                               
