Last login: Tue Jan 13 16:36:01 on console
tyleshaalexander@MacBookAir ~ % python3 --version
Python 3.14.3
tyleshaalexander@MacBookAir ~ % cd Downloads
ls
Antigravity-2.dmg
Antigravity.dmg
Black and Beige Bold Minimalist Book Launch Instagram Post-2.png
Black and Beige Bold Minimalist Book Launch Instagram Post.png
cbcwb V2.pdf
Cover JPEG.jpg
Ebook.png
GRC Workbook Guide.docx
HVkt3tDnT_-hRYiV43kWwQ_00352275659f4e66abb1e6b30f1799e1_Virtual-network-simulation-exercise-icons
If You Want It Work For It Neon Sign Dimmable Led….jpg
IMG_0382.JPG
IMG_6628.jpg
IMG_6629.jpg
IMG_6630.jpg
KgHpnMizQIOX4xbZ4xlqig_3a22b9f046884c11b9b4beb841cc4fe1_Diagram-assets
Microsoft Entra SAML Toolkit.cer
python-3.14.3-macos11.pkg
resume_match
The Pieces of Me edited and formatted.epub
The Pieces of Me edited and formatted.pdf
The pieces of me... Paperback.pdf
Transform your space with our exquisite digital….jpg
Tylesha S Alexander CS Resume.pdf
TyleshaAlexander_Resume.docx
TyleshaAlexander_Resume.pages
Unknown-10.jpg
Unknown-11.jpg
Unknown-2.jpg
Unknown-3.jpg
Unknown-4.jpg
Unknown-5.jpg
Unknown-6.jpg
Unknown-7.jpg
Unknown-8.jpg
Unknown-9.jpg
Unknown.jpg
VSCode-darwin-universal.dmg
Website templates for small businesses, bloggers….jpg
Zoom.pkg
tyleshaalexander@MacBookAir Downloads % cd Desktop
cd: no such file or directory: Desktop
tyleshaalexander@MacBookAir Downloads % mkdir ai-phishing-detector
tyleshaalexander@MacBookAir Downloads % pwd
/Users/tyleshaalexander/Downloads
tyleshaalexander@MacBookAir Downloads % cd ~/Desktop/ai-phishing-detector
tyleshaalexander@MacBookAir ai-phishing-detector % nano train_model.py
tyleshaalexander@MacBookAir ai-phishing-detector % python3 train_model.py
Hello AI Security!
tyleshaalexander@MacBookAir ai-phishing-detector % nano emails.csv
tyleshaalexander@MacBookAir ai-phishing-detector % nano train_model.py
tyleshaalexander@MacBookAir ai-phishing-detector % python3 train_model.py
Hello AI Security!
tyleshaalexander@MacBookAir ai-phishing-detector % nano train_model.py
tyleshaalexander@MacBookAir ai-phishing-detector % python3 train_model.py
Traceback (most recent call last):
  File "/Users/tyleshaalexander/Desktop/ai-phishing-detector/train_model.py", line 1, in <module>
    import pandas as pd
ModuleNotFoundError: No module named 'pandas'
tyleshaalexander@MacBookAir ai-phishing-detector % python3 train_model.py
Traceback (most recent call last):
  File "/Users/tyleshaalexander/Desktop/ai-phishing-detector/train_model.py", line 1, in <module>
    import pandas as pd
ModuleNotFoundError: No module named 'pandas'
tyleshaalexander@MacBookAir ai-phishing-detector % pip3 install pandas
Collecting pandas
  Downloading pandas-3.0.0-cp314-cp314-macosx_11_0_arm64.whl.metadata (79 kB)
Collecting numpy>=2.3.3 (from pandas)
  Downloading numpy-2.4.2-cp314-cp314-macosx_14_0_arm64.whl.metadata (6.6 kB)
Collecting python-dateutil>=2.8.2 (from pandas)
  Downloading python_dateutil-2.9.0.post0-py2.py3-none-any.whl.metadata (8.4 kB)
Collecting six>=1.5 (from python-dateutil>=2.8.2->pandas)
  Downloading six-1.17.0-py2.py3-none-any.whl.metadata (1.7 kB)
Downloading pandas-3.0.0-cp314-cp314-macosx_11_0_arm64.whl (9.9 MB)
   ━━━━━━━━━━━━━━━━━━━━━━━━━━━━━━━━━━━━━━━━ 9.9/9.9 MB 25.0 MB/s  0:00:00
Downloading numpy-2.4.2-cp314-cp314-macosx_14_0_arm64.whl (5.2 MB)
   ━━━━━━━━━━━━━━━━━━━━━━━━━━━━━━━━━━━━━━━━ 5.2/5.2 MB 28.5 MB/s  0:00:00
Downloading python_dateutil-2.9.0.post0-py2.py3-none-any.whl (229 kB)
Downloading six-1.17.0-py2.py3-none-any.whl (11 kB)
Installing collected packages: six, numpy, python-dateutil, pandas
Successfully installed numpy-2.4.2 pandas-3.0.0 python-dateutil-2.9.0.post0 six-1.17.0

[notice] A new release of pip is available: 25.3 -> 26.0.1
[notice] To update, run: pip3 install --upgrade pip
tyleshaalexander@MacBookAir ai-phishing-detector % pip3 install scikit-learn
Collecting scikit-learn
  Downloading scikit_learn-1.8.0-cp314-cp314-macosx_12_0_arm64.whl.metadata (11 kB)
Requirement already satisfied: numpy>=1.24.1 in /Library/Frameworks/Python.framework/Versions/3.14/lib/python3.14/site-packages (from scikit-learn) (2.4.2)
Collecting scipy>=1.10.0 (from scikit-learn)
  Downloading scipy-1.17.0-cp314-cp314-macosx_14_0_arm64.whl.metadata (62 kB)
Collecting joblib>=1.3.0 (from scikit-learn)
  Downloading joblib-1.5.3-py3-none-any.whl.metadata (5.5 kB)
Collecting threadpoolctl>=3.2.0 (from scikit-learn)
  Downloading threadpoolctl-3.6.0-py3-none-any.whl.metadata (13 kB)
Downloading scikit_learn-1.8.0-cp314-cp314-macosx_12_0_arm64.whl (8.1 MB)
   ━━━━━━━━━━━━━━━━━━━━━━━━━━━━━━━━━━━━━━━━ 8.1/8.1 MB 26.2 MB/s  0:00:00
Downloading joblib-1.5.3-py3-none-any.whl (309 kB)
Downloading scipy-1.17.0-cp314-cp314-macosx_14_0_arm64.whl (20.1 MB)
   ━━━━━━━━━━━━━━━━━━━━━━━━━━━━━━━━━━━━━━━━ 20.1/20.1 MB 25.6 MB/s  0:00:00
Downloading threadpoolctl-3.6.0-py3-none-any.whl (18 kB)
Installing collected packages: threadpoolctl, scipy, joblib, scikit-learn
Successfully installed joblib-1.5.3 scikit-learn-1.8.0 scipy-1.17.0 threadpoolctl-3.6.0

[notice] A new release of pip is available: 25.3 -> 26.0.1
[notice] To update, run: pip3 install --upgrade pip
tyleshaalexander@MacBookAir ai-phishing-detector % python3 train_model.py
This email is SAFE.
tyleshaalexander@MacBookAir ai-phishing-detector % nano app.py
tyleshaalexander@MacBookAir ai-phishing-detector % pip3 install flask

Collecting flask
  Downloading flask-3.1.2-py3-none-any.whl.metadata (3.2 kB)
Collecting blinker>=1.9.0 (from flask)
  Downloading blinker-1.9.0-py3-none-any.whl.metadata (1.6 kB)
Collecting click>=8.1.3 (from flask)
  Downloading click-8.3.1-py3-none-any.whl.metadata (2.6 kB)
Collecting itsdangerous>=2.2.0 (from flask)
  Downloading itsdangerous-2.2.0-py3-none-any.whl.metadata (1.9 kB)
Collecting jinja2>=3.1.2 (from flask)
  Downloading jinja2-3.1.6-py3-none-any.whl.metadata (2.9 kB)
Collecting markupsafe>=2.1.1 (from flask)
  Downloading markupsafe-3.0.3-cp314-cp314-macosx_11_0_arm64.whl.metadata (2.7 kB)
Collecting werkzeug>=3.1.0 (from flask)
  Downloading werkzeug-3.1.5-py3-none-any.whl.metadata (4.0 kB)
Downloading flask-3.1.2-py3-none-any.whl (103 kB)
Downloading blinker-1.9.0-py3-none-any.whl (8.5 kB)
Downloading click-8.3.1-py3-none-any.whl (108 kB)
Downloading itsdangerous-2.2.0-py3-none-any.whl (16 kB)
Downloading jinja2-3.1.6-py3-none-any.whl (134 kB)
Downloading markupsafe-3.0.3-cp314-cp314-macosx_11_0_arm64.whl (12 kB)
Downloading werkzeug-3.1.5-py3-none-any.whl (225 kB)
Installing collected packages: markupsafe, itsdangerous, click, blinker, werkzeug, jinja2, flask
Successfully installed blinker-1.9.0 click-8.3.1 flask-3.1.2 itsdangerous-2.2.0 jinja2-3.1.6 markupsafe-3.0.3 werkzeug-3.1.5

[notice] A new release of pip is available: 25.3 -> 26.0.1
[notice] To update, run: pip3 install --upgrade pip
tyleshaalexander@MacBookAir ai-phishing-detector % python3 app.py
 * Serving Flask app 'app'
 * Debug mode: on
WARNING: This is a development server. Do not use it in a production deployment. Use a production WSGI server instead.
 * Running on http://127.0.0.1:5000
Press CTRL+C to quit
 * Restarting with stat
 * Debugger is active!
 * Debugger PIN: 986-394-498
127.0.0.1 - - [15/Feb/2026 00:20:37] "POST /predict HTTP/1.1" 200 -
127.0.0.1 - - [15/Feb/2026 00:21:03] "POST /predict HTTP/1.1" 200 -
127.0.0.1 - - [15/Feb/2026 00:22:06] "POST /predict HTTP/1.1" 200 -
127.0.0.1 - - [15/Feb/2026 00:22:34] "POST /predict HTTP/1.1" 200 -
cd ~/Desktop/ai-phishing-detector

git add .
git commit -m "Backup before macOS update"
git push

git status

pwd

git status

git status

git init
git add .
git commit -m "Backup before macOS update"
git remote add origin https://github.com/YourUsername/YourRepo.git
git push -u origin main

echo "Hello"


